// Jest Snapshot v1, https://goo.gl/fbAQLP

exports[`store/posts/reducer can load data 1`] = `
Object {
  "data": Array [],
  "hasError": false,
  "isLoading": false,
}
`;
